./kicad/include/properties/property.h(607): assert "m_choices.GetCount() > 0" failed in PROPERTY_ENUM(): No enum choices defined
./kicad/include/properties/property.h(607): assert "m_choices.GetCount() > 0" failed in PROPERTY_ENUM(): No enum choices defined
./kicad/include/properties/property.h(607): assert "m_choices.GetCount() > 0" failed in PROPERTY_ENUM(): No enum choices defined
.............................................../home/mouse9911/gits/circuits-worktrees/crow-roof-array-v1-20260901/skills/kicad-pcb/scripts/kicad_sch_parity.py:90: ResourceWarning: unclosed file <_io.TextIOWrapper name='/tmp/tmp9qh2_0fy/native.net' mode='r' encoding='UTF-8'>
  txt = open(path).read()
ResourceWarning: Enable tracemalloc to get the object allocation traceback
./home/mouse9911/gits/circuits-worktrees/crow-roof-array-v1-20260901/skills/kicad-pcb/scripts/kicad_sch_parity.py:90: ResourceWarning: unclosed file <_io.TextIOWrapper name='/tmp/tmp4utnaygv/native.net' mode='r' encoding='UTF-8'>
  txt = open(path).read()
ResourceWarning: Enable tracemalloc to get the object allocation traceback
./home/mouse9911/gits/circuits-worktrees/crow-roof-array-v1-20260901/skills/kicad-pcb/scripts/kicad_sch_parity.py:90: ResourceWarning: unclosed file <_io.TextIOWrapper name='/tmp/tmpyezv4q2z/native.net' mode='r' encoding='UTF-8'>
  txt = open(path).read()
ResourceWarning: Enable tracemalloc to get the object allocation traceback
./home/mouse9911/gits/circuits-worktrees/crow-roof-array-v1-20260901/skills/kicad-pcb/scripts/kicad_sch_parity.py:90: ResourceWarning: unclosed file <_io.TextIOWrapper name='/tmp/tmpwctacngn/native.net' mode='r' encoding='UTF-8'>
  txt = open(path).read()
ResourceWarning: Enable tracemalloc to get the object allocation traceback
/home/mouse9911/gits/circuits-worktrees/crow-roof-array-v1-20260901/skills/kicad-pcb/scripts/kicad_sch_parity.py:90: ResourceWarning: unclosed file <_io.TextIOWrapper name='/tmp/tmpwctacngn/native.net' mode='r' encoding='UTF-8'>
  txt = open(path).read()
ResourceWarning: Enable tracemalloc to get the object allocation traceback
./home/mouse9911/gits/circuits-worktrees/crow-roof-array-v1-20260901/skills/kicad-pcb/scripts/kicad_sch_parity.py:90: ResourceWarning: unclosed file <_io.TextIOWrapper name='/home/mouse9911/gits/circuits-worktrees/crow-roof-array-v1-20260901/projects/crow-audio-carrier-v1/06_build/netlists/crow_audio_carrier_v1.net' mode='r' encoding='UTF-8'>
  txt = open(path).read()
ResourceWarning: Enable tracemalloc to get the object allocation traceback
./home/mouse9911/gits/circuits-worktrees/crow-roof-array-v1-20260901/skills/kicad-pcb/scripts/kicad_sch_parity.py:90: ResourceWarning: unclosed file <_io.TextIOWrapper name='/tmp/tmpp7nuz23_/native.net' mode='r' encoding='UTF-8'>
  txt = open(path).read()
ResourceWarning: Enable tracemalloc to get the object allocation traceback
./home/mouse9911/gits/circuits-worktrees/crow-roof-array-v1-20260901/skills/kicad-pcb/scripts/kicad_sch_parity.py:90: ResourceWarning: unclosed file <_io.TextIOWrapper name='/tmp/tmpqlu6z06i/native.net' mode='r' encoding='UTF-8'>
  txt = open(path).read()
ResourceWarning: Enable tracemalloc to get the object allocation traceback
./home/mouse9911/gits/circuits-worktrees/crow-roof-array-v1-20260901/skills/kicad-pcb/scripts/kicad_sch_parity.py:90: ResourceWarning: unclosed file <_io.TextIOWrapper name='/tmp/tmp2ydo3v0e/native.net' mode='r' encoding='UTF-8'>
  txt = open(path).read()
ResourceWarning: Enable tracemalloc to get the object allocation traceback
/home/mouse9911/gits/circuits-worktrees/crow-roof-array-v1-20260901/skills/kicad-pcb/scripts/kicad_sch_parity.py:90: ResourceWarning: unclosed file <_io.TextIOWrapper name='/tmp/tmp2ydo3v0e/native.net' mode='r' encoding='UTF-8'>
  txt = open(path).read()
ResourceWarning: Enable tracemalloc to get the object allocation traceback
/home/mouse9911/gits/circuits-worktrees/crow-roof-array-v1-20260901/skills/kicad-pcb/scripts/kicad_sch_parity.py:90: ResourceWarning: unclosed file <_io.TextIOWrapper name='/tmp/tmp2ydo3v0e/native.net' mode='r' encoding='UTF-8'>
  txt = open(path).read()
ResourceWarning: Enable tracemalloc to get the object allocation traceback
/home/mouse9911/gits/circuits-worktrees/crow-roof-array-v1-20260901/skills/kicad-pcb/scripts/kicad_sch_parity.py:90: ResourceWarning: unclosed file <_io.TextIOWrapper name='/tmp/tmp2ydo3v0e/native.net' mode='r' encoding='UTF-8'>
  txt = open(path).read()
ResourceWarning: Enable tracemalloc to get the object allocation traceback
./home/mouse9911/gits/circuits-worktrees/crow-roof-array-v1-20260901/skills/kicad-pcb/scripts/kicad_sch_parity.py:90: ResourceWarning: unclosed file <_io.TextIOWrapper name='/tmp/tmpmjbrgpi6/native.net' mode='r' encoding='UTF-8'>
  txt = open(path).read()
ResourceWarning: Enable tracemalloc to get the object allocation traceback
/home/mouse9911/gits/circuits-worktrees/crow-roof-array-v1-20260901/skills/kicad-pcb/scripts/kicad_sch_parity.py:90: ResourceWarning: unclosed file <_io.TextIOWrapper name='/tmp/tmpmjbrgpi6/native.net' mode='r' encoding='UTF-8'>
  txt = open(path).read()
ResourceWarning: Enable tracemalloc to get the object allocation traceback
/home/mouse9911/gits/circuits-worktrees/crow-roof-array-v1-20260901/skills/kicad-pcb/scripts/kicad_sch_parity.py:90: ResourceWarning: unclosed file <_io.TextIOWrapper name='/tmp/tmpmjbrgpi6/native.net' mode='r' encoding='UTF-8'>
  txt = open(path).read()
ResourceWarning: Enable tracemalloc to get the object allocation traceback
/home/mouse9911/gits/circuits-worktrees/crow-roof-array-v1-20260901/skills/kicad-pcb/scripts/kicad_sch_parity.py:90: ResourceWarning: unclosed file <_io.TextIOWrapper name='/tmp/tmpmjbrgpi6/native.net' mode='r' encoding='UTF-8'>
  txt = open(path).read()
ResourceWarning: Enable tracemalloc to get the object allocation traceback
/home/mouse9911/gits/circuits-worktrees/crow-roof-array-v1-20260901/skills/kicad-pcb/scripts/kicad_sch_parity.py:90: ResourceWarning: unclosed file <_io.TextIOWrapper name='/tmp/tmpmjbrgpi6/native.net' mode='r' encoding='UTF-8'>
  txt = open(path).read()
ResourceWarning: Enable tracemalloc to get the object allocation traceback
./home/mouse9911/gits/circuits-worktrees/crow-roof-array-v1-20260901/skills/kicad-pcb/scripts/kicad_sch_parity.py:90: ResourceWarning: unclosed file <_io.TextIOWrapper name='/tmp/tmpul1iidtj/native.net' mode='r' encoding='UTF-8'>
  txt = open(path).read()
ResourceWarning: Enable tracemalloc to get the object allocation traceback
.........................../home/mouse9911/gits/circuits-worktrees/crow-roof-array-v1-20260901/skills/kicad-pcb/scripts/kicad_sch_parity.py:90: ResourceWarning: unclosed file <_io.TextIOWrapper name='/tmp/tmpir8lmm0s/hostile.net' mode='r' encoding='UTF-8'>
  txt = open(path).read()
ResourceWarning: Enable tracemalloc to get the object allocation traceback
./home/mouse9911/gits/circuits-worktrees/crow-roof-array-v1-20260901/skills/kicad-pcb/scripts/kicad_sch_parity.py:90: ResourceWarning: unclosed file <_io.TextIOWrapper name='/home/mouse9911/gits/circuits-worktrees/crow-roof-array-v1-20260901/projects/crow-audio-carrier-v1/03_src/tests/fixtures/kicad10_native_excerpt.net' mode='r' encoding='UTF-8'>
  txt = open(path).read()
ResourceWarning: Enable tracemalloc to get the object allocation traceback
......../home/mouse9911/gits/circuits-worktrees/crow-roof-array-v1-20260901/skills/kicad-pcb/scripts/kicad_sch_parity.py:90: ResourceWarning: unclosed file <_io.TextIOWrapper name='/home/mouse9911/gits/circuits-worktrees/crow-roof-array-v1-20260901/projects/crow-audio-carrier-v1/06_build/netlists/crow_audio_carrier_v1.net' mode='r' encoding='UTF-8'>
  txt = open(path).read()
ResourceWarning: Enable tracemalloc to get the object allocation traceback
....../home/mouse9911/gits/circuits-worktrees/crow-roof-array-v1-20260901/skills/kicad-pcb/scripts/kicad_sch_parity.py:90: ResourceWarning: unclosed file <_io.TextIOWrapper name='/home/mouse9911/gits/circuits-worktrees/crow-roof-array-v1-20260901/projects/crow-audio-carrier-v1/06_build/netlists/crow_audio_carrier_v1.net' mode='r' encoding='UTF-8'>
  txt = open(path).read()
ResourceWarning: Enable tracemalloc to get the object allocation traceback
...................................................................................................................................................................................................................................
----------------------------------------------------------------------
Ran 325 tests in 130.707s

OK
